[[1;34mINFO[m] Scanning for projects...
[[1;34mINFO[m] 
[[1;34mINFO[m] [1m-----------< [0;36mio.github.hiwepy:dingtalk-spring-boot-starter[0;1m >-----------[m
[[1;34mINFO[m] [1mBuilding io.github.hiwepy:dingtalk-spring-boot-starter 2.3.x.20240823.RELEASE[m
[[1;34mINFO[m] [1m--------------------------------[ jar ]---------------------------------[m
Downloading from aiban-tianyin-core: https://aiban-maven.pkg.coding.net/repository/tianyin/core/org/apache/logging/log4j/log4j-to-slf4j/2.13.3/log4j-to-slf4j-2.13.3.pom
Downloaded from aiban-tianyin-core: https://aiban-maven.pkg.coding.net/repository/tianyin/core/org/apache/logging/log4j/log4j-to-slf4j/2.13.3/log4j-to-slf4j-2.13.3.pom (0 B at 0 B/s)
Downloading from aiban-tianyin-core: https://aiban-maven.pkg.coding.net/repository/tianyin/core/org/apache/logging/log4j/log4j/2.13.3/log4j-2.13.3.pom
Downloaded from aiban-tianyin-core: https://aiban-maven.pkg.coding.net/repository/tianyin/core/org/apache/logging/log4j/log4j/2.13.3/log4j-2.13.3.pom (0 B at 0 B/s)
Downloading from aiban-tianyin-core: https://aiban-maven.pkg.coding.net/repository/tianyin/core/org/apache/logging/log4j/log4j-api/2.13.3/log4j-api-2.13.3.pom
Downloaded from aiban-tianyin-core: https://aiban-maven.pkg.coding.net/repository/tianyin/core/org/apache/logging/log4j/log4j-api/2.13.3/log4j-api-2.13.3.pom (0 B at 0 B/s)
Downloading from aiban-tianyin-core: https://aiban-maven.pkg.coding.net/repository/tianyin/core/net/minidev/json-smart/2.3.1/json-smart-2.3.1.pom
Progress (1): 4.0 kB
Progress (1): 8.1 kB
Progress (1): 9.3 kB
                    
Downloaded from aiban-tianyin-core: https://aiban-maven.pkg.coding.net/repository/tianyin/core/net/minidev/json-smart/2.3.1/json-smart-2.3.1.pom (9.3 kB at 34 kB/s)
Downloading from aiban-tianyin-core: https://aiban-maven.pkg.coding.net/repository/tianyin/core/net/minidev/minidev-parent/2.3.1/minidev-parent-2.3.1.pom
Progress (1): 4.0 kB
Progress (1): 8.1 kB
Progress (1): 8.4 kB
                    
Downloaded from aiban-tianyin-core: https://aiban-maven.pkg.coding.net/repository/tianyin/core/net/minidev/minidev-parent/2.3.1/minidev-parent-2.3.1.pom (8.4 kB at 30 kB/s)
Downloading from aiban-tianyin-core: https://aiban-maven.pkg.coding.net/repository/tianyin/core/net/minidev/accessors-smart/2.3.1/accessors-smart-2.3.1.pom
Progress (1): 4.0 kB
Progress (1): 6.9 kB
Progress (1): 11 kB 
Progress (1): 12 kB
                   
Downloaded from aiban-tianyin-core: https://aiban-maven.pkg.coding.net/repository/tianyin/core/net/minidev/accessors-smart/2.3.1/accessors-smart-2.3.1.pom (12 kB at 42 kB/s)
Downloading from aiban-tianyin-core: https://aiban-maven.pkg.coding.net/repository/tianyin/core/org/junit/jupiter/junit-jupiter-api/5.6.3/junit-jupiter-api-5.6.3.pom
Progress (1): 3.2 kB
                    
Downloaded from aiban-tianyin-core: https://aiban-maven.pkg.coding.net/repository/tianyin/core/org/junit/jupiter/junit-jupiter-api/5.6.3/junit-jupiter-api-5.6.3.pom (3.2 kB at 12 kB/s)
Downloading from aiban-tianyin-core: https://aiban-maven.pkg.coding.net/repository/tianyin/core/org/junit/jupiter/junit-jupiter-params/5.6.3/junit-jupiter-params-5.6.3.pom
Progress (1): 3.0 kB
                    
Downloaded from aiban-tianyin-core: https://aiban-maven.pkg.coding.net/repository/tianyin/core/org/junit/jupiter/junit-jupiter-params/5.6.3/junit-jupiter-params-5.6.3.pom (3.0 kB at 11 kB/s)
Downloading from aiban-tianyin-core: https://aiban-maven.pkg.coding.net/repository/tianyin/core/org/junit/jupiter/junit-jupiter-engine/5.6.3/junit-jupiter-engine-5.6.3.pom
Progress (1): 3.2 kB
                    
Downloaded from aiban-tianyin-core: https://aiban-maven.pkg.coding.net/repository/tianyin/core/org/junit/jupiter/junit-jupiter-engine/5.6.3/junit-jupiter-engine-5.6.3.pom (3.2 kB at 11 kB/s)
Downloading from aiban-tianyin-core: https://aiban-maven.pkg.coding.net/repository/tianyin/core/org/junit/vintage/junit-vintage-engine/5.6.3/junit-vintage-engine-5.6.3.pom
Progress (1): 2.4/3.3 kB
Progress (1): 3.3 kB    
                    
Downloaded from aiban-tianyin-core: https://aiban-maven.pkg.coding.net/repository/tianyin/core/org/junit/vintage/junit-vintage-engine/5.6.3/junit-vintage-engine-5.6.3.pom (3.3 kB at 11 kB/s)
Downloading from aiban-tianyin-core: https://aiban-maven.pkg.coding.net/repository/tianyin/core/com/fasterxml/jackson/core/jackson-databind/2.11.4/jackson-databind-2.11.4.pom
Downloaded from aiban-tianyin-core: https://aiban-maven.pkg.coding.net/repository/tianyin/core/com/fasterxml/jackson/core/jackson-databind/2.11.4/jackson-databind-2.11.4.pom (0 B at 0 B/s)
Downloading from aiban-tianyin-core: https://aiban-maven.pkg.coding.net/repository/tianyin/core/com/fasterxml/jackson/core/jackson-core/2.11.4/jackson-core-2.11.4.pom
Downloaded from aiban-tianyin-core: https://aiban-maven.pkg.coding.net/repository/tianyin/core/com/fasterxml/jackson/core/jackson-core/2.11.4/jackson-core-2.11.4.pom (0 B at 0 B/s)
Downloading from aiban-tianyin-core: https://aiban-maven.pkg.coding.net/repository/tianyin/core/net/minidev/json-smart/2.3.1/json-smart-2.3.1.jar
Downloading from aiban-tianyin-core: https://aiban-maven.pkg.coding.net/repository/tianyin/core/org/junit/jupiter/junit-jupiter-engine/5.6.3/junit-jupiter-engine-5.6.3.jar
Downloading from aiban-tianyin-core: https://aiban-maven.pkg.coding.net/repository/tianyin/core/org/junit/jupiter/junit-jupiter-params/5.6.3/junit-jupiter-params-5.6.3.jar
Downloading from aiban-tianyin-core: https://aiban-maven.pkg.coding.net/repository/tianyin/core/org/junit/jupiter/junit-jupiter-api/5.6.3/junit-jupiter-api-5.6.3.jar
Downloading from aiban-tianyin-core: https://aiban-maven.pkg.coding.net/repository/tianyin/core/net/minidev/accessors-smart/2.3.1/accessors-smart-2.3.1.jar
Progress (1): 2.6 kB
Progress (1): 6.7 kB
Progress (1): 11 kB 
Progress (1): 14 kB
Progress (1): 18 kB
Progress (1): 22 kB
Progress (1): 26 kB
Progress (1): 30 kB
Progress (1): 34 kB
Progress (1): 38 kB
Progress (1): 42 kB
Progress (1): 46 kB
Progress (1): 50 kB
Progress (1): 54 kB
Progress (1): 58 kB
Progress (1): 62 kB
Progress (1): 66 kB
Progress (1): 70 kB
Progress (1): 74 kB
Progress (1): 79 kB
Progress (1): 83 kB
Progress (1): 87 kB
Progress (1): 91 kB
Progress (1): 95 kB
Progress (1): 99 kB
Progress (1): 103 kB
Progress (1): 107 kB
Progress (1): 111 kB
Progress (1): 115 kB
Progress (1): 120 kB
Progress (1): 120 kB
                    
Downloaded from aiban-tianyin-core: https://aiban-maven.pkg.coding.net/repository/tianyin/core/net/minidev/json-smart/2.3.1/json-smart-2.3.1.jar (120 kB at 392 kB/s)
Downloading from aiban-tianyin-core: https://aiban-maven.pkg.coding.net/repository/tianyin/core/org/junit/vintage/junit-vintage-engine/5.6.3/junit-vintage-engine-5.6.3.jar
Progress (1): 3.8 kB
Progress (1): 7.9 kB
Progress (1): 11 kB 
Progress (2): 11 kB | 3.7/154 kB
Progress (2): 11 kB | 7.8/154 kB
Progress (2): 14 kB | 7.8/154 kB
Progress (2): 18 kB | 7.8/154 kB
Progress (2): 21 kB | 7.8/154 kB
Progress (2): 25 kB | 7.8/154 kB
Progress (2): 28 kB | 7.8/154 kB
Progress (2): 30 kB | 7.8/154 kB
Progress (2): 30 kB | 12/154 kB 
Progress (3): 30 kB | 12/154 kB | 2.4/64 kB
Progress (3): 30 kB | 12/154 kB | 5.1/64 kB
Progress (3): 30 kB | 12/154 kB | 9.2/64 kB
Progress (3): 30 kB | 12/154 kB | 13/64 kB 
Progress (3): 30 kB | 12/154 kB | 17/64 kB
Progress (3): 30 kB | 16/154 kB | 17/64 kB
Progress (3): 30 kB | 19/154 kB | 17/64 kB
Progress (3): 30 kB | 22/154 kB | 17/64 kB
Progress (3): 30 kB | 25/154 kB | 17/64 kB
Progress (3): 30 kB | 28/154 kB | 17/64 kB
Progress (3): 30 kB | 28/154 kB | 21/64 kB
Progress (3): 30 kB | 31/154 kB | 21/64 kB
Progress (3): 30 kB | 31/154 kB | 24/64 kB
Progress (3): 30 kB | 35/154 kB | 24/64 kB
Progress (3): 30 kB | 35/154 kB | 26/64 kB
Progress (3): 30 kB | 35/154 kB | 29/64 kB
Progress (3): 30 kB | 35/154 kB | 33/64 kB
Progress (3): 30 kB | 35/154 kB | 36/64 kB
Progress (3): 30 kB | 35/154 kB | 41/64 kB
Progress (3): 30 kB | 35/154 kB | 45/64 kB
Progress (3): 30 kB | 35/154 kB | 48/64 kB
Progress (3): 30 kB | 35/154 kB | 52/64 kB
Progress (3): 30 kB | 35/154 kB | 55/64 kB
Progress (3): 30 kB | 35/154 kB | 58/64 kB
Progress (3): 30 kB | 35/154 kB | 61/64 kB
Progress (3): 30 kB | 35/154 kB | 63/64 kB
Progress (3): 30 kB | 35/154 kB | 64 kB   
Progress (4): 30 kB | 35/154 kB | 64 kB | 3.7/209 kB
Progress (4): 30 kB | 35/154 kB | 64 kB | 7.8/209 kB
Progress (4): 30 kB | 39/154 kB | 64 kB | 7.8/209 kB
Progress (4): 30 kB | 42/154 kB | 64 kB | 7.8/209 kB
Progress (4): 30 kB | 45/154 kB | 64 kB | 7.8/209 kB
Progress (4): 30 kB | 49/154 kB | 64 kB | 7.8/209 kB
Progress (4): 30 kB | 53/154 kB | 64 kB | 7.8/209 kB
Progress (5): 30 kB | 53/154 kB | 64 kB | 7.8/209 kB | 3.6/562 kB
Progress (5): 30 kB | 57/154 kB | 64 kB | 7.8/209 kB | 3.6/562 kB
Progress (5): 30 kB | 57/154 kB | 64 kB | 7.8/209 kB | 6.5/562 kB
Progress (5): 30 kB | 61/154 kB | 64 kB | 7.8/209 kB | 6.5/562 kB
Progress (5): 30 kB | 61/154 kB | 64 kB | 7.8/209 kB | 11/562 kB 
Progress (5): 30 kB | 65/154 kB | 64 kB | 7.8/209 kB | 11/562 kB
Progress (5): 30 kB | 69/154 kB | 64 kB | 7.8/209 kB | 11/562 kB
Progress (5): 30 kB | 73/154 kB | 64 kB | 7.8/209 kB | 11/562 kB
Progress (5): 30 kB | 78/154 kB | 64 kB | 7.8/209 kB | 11/562 kB
Progress (5): 30 kB | 82/154 kB | 64 kB | 7.8/209 kB | 11/562 kB
Progress (5): 30 kB | 86/154 kB | 64 kB | 7.8/209 kB | 11/562 kB
Progress (5): 30 kB | 90/154 kB | 64 kB | 7.8/209 kB | 11/562 kB
Progress (5): 30 kB | 94/154 kB | 64 kB | 7.8/209 kB | 11/562 kB
Progress (5): 30 kB | 94/154 kB | 64 kB | 12/209 kB | 11/562 kB 
Progress (5): 30 kB | 94/154 kB | 64 kB | 16/209 kB | 11/562 kB
Progress (5): 30 kB | 94/154 kB | 64 kB | 20/209 kB | 11/562 kB
Progress (5): 30 kB | 94/154 kB | 64 kB | 22/209 kB | 11/562 kB
Progress (5): 30 kB | 94/154 kB | 64 kB | 26/209 kB | 11/562 kB
Progress (5): 30 kB | 94/154 kB | 64 kB | 29/209 kB | 11/562 kB
Progress (5): 30 kB | 94/154 kB | 64 kB | 33/209 kB | 11/562 kB
Progress (5): 30 kB | 94/154 kB | 64 kB | 37/209 kB | 11/562 kB
Progress (5): 30 kB | 98/154 kB | 64 kB | 37/209 kB | 11/562 kB
Progress (5): 30 kB | 102/154 kB | 64 kB | 37/209 kB | 11/562 kB
Progress (5): 30 kB | 106/154 kB | 64 kB | 37/209 kB | 11/562 kB
Progress (5): 30 kB | 110/154 kB | 64 kB | 37/209 kB | 11/562 kB
Progress (5): 30 kB | 114/154 kB | 64 kB | 37/209 kB | 11/562 kB
Progress (5): 30 kB | 114/154 kB | 64 kB | 42/209 kB | 11/562 kB
Progress (5): 30 kB | 114/154 kB | 64 kB | 46/209 kB | 11/562 kB
Progress (5): 30 kB | 114/154 kB | 64 kB | 50/209 kB | 11/562 kB
Progress (5): 30 kB | 114/154 kB | 64 kB | 54/209 kB | 11/562 kB
Progress (5): 30 kB | 119/154 kB | 64 kB | 54/209 kB | 11/562 kB
Progress (5): 30 kB | 123/154 kB | 64 kB | 54/209 kB | 11/562 kB
Progress (5): 30 kB | 127/154 kB | 64 kB | 54/209 kB | 11/562 kB
Progress (5): 30 kB | 131/154 kB | 64 kB | 54/209 kB | 11/562 kB
Progress (5): 30 kB | 131/154 kB | 64 kB | 54/209 kB | 15/562 kB
Progress (5): 30 kB | 131/154 kB | 64 kB | 54/209 kB | 18/562 kB
Progress (5): 30 kB | 131/154 kB | 64 kB | 54/209 kB | 22/562 kB
Progress (5): 30 kB | 131/154 kB | 64 kB | 54/209 kB | 26/562 kB
Progress (5): 30 kB | 131/154 kB | 64 kB | 54/209 kB | 29/562 kB
Progress (5): 30 kB | 135/154 kB | 64 kB | 54/209 kB | 29/562 kB
Progress (5): 30 kB | 135/154 kB | 64 kB | 54/209 kB | 33/562 kB
Progress (5): 30 kB | 139/154 kB | 64 kB | 54/209 kB | 33/562 kB
Progress (5): 30 kB | 139/154 kB | 64 kB | 54/209 kB | 37/562 kB
Progress (5): 30 kB | 143/154 kB | 64 kB | 54/209 kB | 37/562 kB
Progress (5): 30 kB | 147/154 kB | 64 kB | 54/209 kB | 37/562 kB
Progress (5): 30 kB | 147/154 kB | 64 kB | 58/209 kB | 37/562 kB
Progress (5): 30 kB | 151/154 kB | 64 kB | 58/209 kB | 37/562 kB
Progress (5): 30 kB | 151/154 kB | 64 kB | 62/209 kB | 37/562 kB
Progress (5): 30 kB | 154 kB | 64 kB | 62/209 kB | 37/562 kB    
Progress (5): 30 kB | 154 kB | 64 kB | 66/209 kB | 37/562 kB
Progress (5): 30 kB | 154 kB | 64 kB | 70/209 kB | 37/562 kB
Progress (5): 30 kB | 154 kB | 64 kB | 74/209 kB | 37/562 kB
Progress (5): 30 kB | 154 kB | 64 kB | 78/209 kB | 37/562 kB
Progress (5): 30 kB | 154 kB | 64 kB | 82/209 kB | 37/562 kB
Progress (5): 30 kB | 154 kB | 64 kB | 85/209 kB | 37/562 kB
Progress (5): 30 kB | 154 kB | 64 kB | 89/209 kB | 37/562 kB
Progress (5): 30 kB | 154 kB | 64 kB | 93/209 kB | 37/562 kB
Progress (5): 30 kB | 154 kB | 64 kB | 97/209 kB | 37/562 kB
Progress (5): 30 kB | 154 kB | 64 kB | 101/209 kB | 37/562 kB
Progress (5): 30 kB | 154 kB | 64 kB | 105/209 kB | 37/562 kB
Progress (5): 30 kB | 154 kB | 64 kB | 109/209 kB | 37/562 kB
Progress (5): 30 kB | 154 kB | 64 kB | 113/209 kB | 37/562 kB
Progress (5): 30 kB | 154 kB | 64 kB | 117/209 kB | 37/562 kB
Progress (5): 30 kB | 154 kB | 64 kB | 122/209 kB | 37/562 kB
Progress (5): 30 kB | 154 kB | 64 kB | 126/209 kB | 37/562 kB
Progress (5): 30 kB | 154 kB | 64 kB | 130/209 kB | 37/562 kB
Progress (5): 30 kB | 154 kB | 64 kB | 130/209 kB | 42/562 kB
Progress (5): 30 kB | 154 kB | 64 kB | 134/209 kB | 42/562 kB
Progress (5): 30 kB | 154 kB | 64 kB | 138/209 kB | 42/562 kB
Progress (5): 30 kB | 154 kB | 64 kB | 142/209 kB | 42/562 kB
Progress (5): 30 kB | 154 kB | 64 kB | 142/209 kB | 46/562 kB
Progress (5): 30 kB | 154 kB | 64 kB | 146/209 kB | 46/562 kB
Progress (5): 30 kB | 154 kB | 64 kB | 146/209 kB | 50/562 kB
Progress (5): 30 kB | 154 kB | 64 kB | 150/209 kB | 50/562 kB
Progress (5): 30 kB | 154 kB | 64 kB | 150/209 kB | 54/562 kB
Progress (5): 30 kB | 154 kB | 64 kB | 150/209 kB | 58/562 kB
Progress (5): 30 kB | 154 kB | 64 kB | 150/209 kB | 62/562 kB
Progress (5): 30 kB | 154 kB | 64 kB | 150/209 kB | 66/562 kB
Progress (5): 30 kB | 154 kB | 64 kB | 150/209 kB | 70/562 kB
Progress (5): 30 kB | 154 kB | 64 kB | 150/209 kB | 74/562 kB
Progress (5): 30 kB | 154 kB | 64 kB | 150/209 kB | 78/562 kB
Progress (5): 30 kB | 154 kB | 64 kB | 150/209 kB | 83/562 kB
Progress (5): 30 kB | 154 kB | 64 kB | 150/209 kB | 87/562 kB
Progress (5): 30 kB | 154 kB | 64 kB | 154/209 kB | 87/562 kB
Progress (5): 30 kB | 154 kB | 64 kB | 154/209 kB | 91/562 kB
Progress (5): 30 kB | 154 kB | 64 kB | 158/209 kB | 91/562 kB
Progress (5): 30 kB | 154 kB | 64 kB | 163/209 kB | 91/562 kB
Progress (5): 30 kB | 154 kB | 64 kB | 167/209 kB | 91/562 kB
Progress (5): 30 kB | 154 kB | 64 kB | 171/209 kB | 91/562 kB
Progress (5): 30 kB | 154 kB | 64 kB | 175/209 kB | 91/562 kB
Progress (5): 30 kB | 154 kB | 64 kB | 179/209 kB | 91/562 kB
Progress (5): 30 kB | 154 kB | 64 kB | 183/209 kB | 91/562 kB
Progress (5): 30 kB | 154 kB | 64 kB | 187/209 kB | 91/562 kB
Progress (5): 30 kB | 154 kB | 64 kB | 191/209 kB | 91/562 kB
Progress (5): 30 kB | 154 kB | 64 kB | 195/209 kB | 91/562 kB
Progress (5): 30 kB | 154 kB | 64 kB | 199/209 kB | 91/562 kB
Progress (5): 30 kB | 154 kB | 64 kB | 203/209 kB | 91/562 kB
Progress (5): 30 kB | 154 kB | 64 kB | 208/209 kB | 91/562 kB
Progress (5): 30 kB | 154 kB | 64 kB | 209 kB | 91/562 kB    
Progress (5): 30 kB | 154 kB | 64 kB | 209 kB | 95/562 kB
Progress (5): 30 kB | 154 kB | 64 kB | 209 kB | 99/562 kB
Progress (5): 30 kB | 154 kB | 64 kB | 209 kB | 103/562 kB
Progress (5): 30 kB | 154 kB | 64 kB | 209 kB | 107/562 kB
Progress (5): 30 kB | 154 kB | 64 kB | 209 kB | 111/562 kB
Progress (5): 30 kB | 154 kB | 64 kB | 209 kB | 115/562 kB
Progress (5): 30 kB | 154 kB | 64 kB | 209 kB | 119/562 kB
Progress (5): 30 kB | 154 kB | 64 kB | 209 kB | 124/562 kB
Progress (5): 30 kB | 154 kB | 64 kB | 209 kB | 128/562 kB
Progress (5): 30 kB | 154 kB | 64 kB | 209 kB | 132/562 kB
Progress (5): 30 kB | 154 kB | 64 kB | 209 kB | 136/562 kB
Progress (5): 30 kB | 154 kB | 64 kB | 209 kB | 140/562 kB
Progress (5): 30 kB | 154 kB | 64 kB | 209 kB | 144/562 kB
Progress (5): 30 kB | 154 kB | 64 kB | 209 kB | 148/562 kB
Progress (5): 30 kB | 154 kB | 64 kB | 209 kB | 152/562 kB
Progress (5): 30 kB | 154 kB | 64 kB | 209 kB | 156/562 kB
Progress (5): 30 kB | 154 kB | 64 kB | 209 kB | 160/562 kB
Progress (5): 30 kB | 154 kB | 64 kB | 209 kB | 164/562 kB
Progress (5): 30 kB | 154 kB | 64 kB | 209 kB | 169/562 kB
Progress (5): 30 kB | 154 kB | 64 kB | 209 kB | 173/562 kB
Progress (5): 30 kB | 154 kB | 64 kB | 209 kB | 177/562 kB
Progress (5): 30 kB | 154 kB | 64 kB | 209 kB | 181/562 kB
Progress (5): 30 kB | 154 kB | 64 kB | 209 kB | 185/562 kB
Progress (5): 30 kB | 154 kB | 64 kB | 209 kB | 189/562 kB
Progress (5): 30 kB | 154 kB | 64 kB | 209 kB | 193/562 kB
Progress (5): 30 kB | 154 kB | 64 kB | 209 kB | 197/562 kB
Progress (5): 30 kB | 154 kB | 64 kB | 209 kB | 201/562 kB
Progress (5): 30 kB | 154 kB | 64 kB | 209 kB | 205/562 kB
                                                          
Downloaded from aiban-tianyin-core: https://aiban-maven.pkg.coding.net/repository/tianyin/core/org/junit/vintage/junit-vintage-engine/5.6.3/junit-vintage-engine-5.6.3.jar (64 kB at 115 kB/s)
Downloading from aiban-tianyin-core: https://aiban-maven.pkg.coding.net/repository/tianyin/core/com/fasterxml/jackson/core/jackson-databind/2.11.4/jackson-databind-2.11.4.jar
Progress (4): 30 kB | 154 kB | 209 kB | 210/562 kB
Progress (4): 30 kB | 154 kB | 209 kB | 214/562 kB
Progress (4): 30 kB | 154 kB | 209 kB | 218/562 kB
Progress (4): 30 kB | 154 kB | 209 kB | 222/562 kB
Progress (4): 30 kB | 154 kB | 209 kB | 226/562 kB
Progress (4): 30 kB | 154 kB | 209 kB | 230/562 kB
Progress (4): 30 kB | 154 kB | 209 kB | 234/562 kB
Progress (4): 30 kB | 154 kB | 209 kB | 238/562 kB
Progress (4): 30 kB | 154 kB | 209 kB | 242/562 kB
Progress (4): 30 kB | 154 kB | 209 kB | 246/562 kB
Progress (4): 30 kB | 154 kB | 209 kB | 250/562 kB
Progress (4): 30 kB | 154 kB | 209 kB | 255/562 kB
Progress (4): 30 kB | 154 kB | 209 kB | 259/562 kB
Progress (4): 30 kB | 154 kB | 209 kB | 263/562 kB
Progress (4): 30 kB | 154 kB | 209 kB | 267/562 kB
Progress (4): 30 kB | 154 kB | 209 kB | 271/562 kB
Progress (4): 30 kB | 154 kB | 209 kB | 275/562 kB
Progress (4): 30 kB | 154 kB | 209 kB | 279/562 kB
Progress (4): 30 kB | 154 kB | 209 kB | 283/562 kB
Progress (4): 30 kB | 154 kB | 209 kB | 287/562 kB
Progress (4): 30 kB | 154 kB | 209 kB | 291/562 kB
Progress (4): 30 kB | 154 kB | 209 kB | 296/562 kB
Progress (4): 30 kB | 154 kB | 209 kB | 300/562 kB
Progress (4): 30 kB | 154 kB | 209 kB | 304/562 kB
Progress (4): 30 kB | 154 kB | 209 kB | 308/562 kB
Progress (4): 30 kB | 154 kB | 209 kB | 312/562 kB
Progress (4): 30 kB | 154 kB | 209 kB | 316/562 kB
Progress (4): 30 kB | 154 kB | 209 kB | 320/562 kB
Progress (4): 30 kB | 154 kB | 209 kB | 324/562 kB
Progress (4): 30 kB | 154 kB | 209 kB | 328/562 kB
Progress (4): 30 kB | 154 kB | 209 kB | 332/562 kB
Progress (4): 30 kB | 154 kB | 209 kB | 337/562 kB
Progress (4): 30 kB | 154 kB | 209 kB | 341/562 kB
Progress (4): 30 kB | 154 kB | 209 kB | 345/562 kB
Progress (4): 30 kB | 154 kB | 209 kB | 349/562 kB
Progress (4): 30 kB | 154 kB | 209 kB | 353/562 kB
Progress (4): 30 kB | 154 kB | 209 kB | 357/562 kB
Progress (4): 30 kB | 154 kB | 209 kB | 361/562 kB
Progress (4): 30 kB | 154 kB | 209 kB | 365/562 kB
Progress (4): 30 kB | 154 kB | 209 kB | 369/562 kB
Progress (4): 30 kB | 154 kB | 209 kB | 373/562 kB
Progress (4): 30 kB | 154 kB | 209 kB | 377/562 kB
Progress (4): 30 kB | 154 kB | 209 kB | 382/562 kB
Progress (4): 30 kB | 154 kB | 209 kB | 386/562 kB
Progress (4): 30 kB | 154 kB | 209 kB | 390/562 kB
Progress (4): 30 kB | 154 kB | 209 kB | 394/562 kB
Progress (4): 30 kB | 154 kB | 209 kB | 398/562 kB
Progress (4): 30 kB | 154 kB | 209 kB | 402/562 kB
Progress (4): 30 kB | 154 kB | 209 kB | 406/562 kB
Progress (4): 30 kB | 154 kB | 209 kB | 410/562 kB
Progress (4): 30 kB | 154 kB | 209 kB | 414/562 kB
Progress (4): 30 kB | 154 kB | 209 kB | 418/562 kB
Progress (4): 30 kB | 154 kB | 209 kB | 423/562 kB
Progress (4): 30 kB | 154 kB | 209 kB | 427/562 kB
Progress (4): 30 kB | 154 kB | 209 kB | 431/562 kB
Progress (4): 30 kB | 154 kB | 209 kB | 435/562 kB
Progress (4): 30 kB | 154 kB | 209 kB | 439/562 kB
Progress (4): 30 kB | 154 kB | 209 kB | 443/562 kB
Progress (4): 30 kB | 154 kB | 209 kB | 447/562 kB
Progress (4): 30 kB | 154 kB | 209 kB | 451/562 kB
Progress (4): 30 kB | 154 kB | 209 kB | 455/562 kB
Progress (4): 30 kB | 154 kB | 209 kB | 459/562 kB
Progress (4): 30 kB | 154 kB | 209 kB | 463/562 kB
Progress (4): 30 kB | 154 kB | 209 kB | 468/562 kB
Progress (4): 30 kB | 154 kB | 209 kB | 472/562 kB
Progress (4): 30 kB | 154 kB | 209 kB | 476/562 kB
Progress (4): 30 kB | 154 kB | 209 kB | 480/562 kB
Progress (4): 30 kB | 154 kB | 209 kB | 484/562 kB
Progress (4): 30 kB | 154 kB | 209 kB | 488/562 kB
Progress (4): 30 kB | 154 kB | 209 kB | 492/562 kB
Progress (4): 30 kB | 154 kB | 209 kB | 496/562 kB
Progress (4): 30 kB | 154 kB | 209 kB | 500/562 kB
Progress (4): 30 kB | 154 kB | 209 kB | 504/562 kB
Progress (4): 30 kB | 154 kB | 209 kB | 509/562 kB
Progress (4): 30 kB | 154 kB | 209 kB | 513/562 kB
Progress (4): 30 kB | 154 kB | 209 kB | 517/562 kB
Progress (4): 30 kB | 154 kB | 209 kB | 521/562 kB
Progress (4): 30 kB | 154 kB | 209 kB | 525/562 kB
Progress (4): 30 kB | 154 kB | 209 kB | 529/562 kB
Progress (4): 30 kB | 154 kB | 209 kB | 533/562 kB
Progress (4): 30 kB | 154 kB | 209 kB | 537/562 kB
Progress (4): 30 kB | 154 kB | 209 kB | 541/562 kB
Progress (4): 30 kB | 154 kB | 209 kB | 545/562 kB
Progress (4): 30 kB | 154 kB | 209 kB | 549/562 kB
Progress (4): 30 kB | 154 kB | 209 kB | 554/562 kB
Progress (4): 30 kB | 154 kB | 209 kB | 558/562 kB
Progress (4): 30 kB | 154 kB | 209 kB | 562/562 kB
Progress (4): 30 kB | 154 kB | 209 kB | 562 kB    
                                              
Downloaded from aiban-tianyin-core: https://aiban-maven.pkg.coding.net/repository/tianyin/core/net/minidev/accessors-smart/2.3.1/accessors-smart-2.3.1.jar (30 kB at 50 kB/s)
Downloading from aiban-tianyin-core: https://aiban-maven.pkg.coding.net/repository/tianyin/core/com/fasterxml/jackson/core/jackson-core/2.11.4/jackson-core-2.11.4.jar
Downloaded from aiban-tianyin-core: https://aiban-maven.pkg.coding.net/repository/tianyin/core/org/junit/jupiter/junit-jupiter-api/5.6.3/junit-jupiter-api-5.6.3.jar (154 kB at 250 kB/s)
Downloading from aiban-tianyin-core: https://aiban-maven.pkg.coding.net/repository/tianyin/core/javax/activation/activation/1.1/activation-1.1.jar
Downloaded from aiban-tianyin-core: https://aiban-maven.pkg.coding.net/repository/tianyin/core/org/junit/jupiter/junit-jupiter-engine/5.6.3/junit-jupiter-engine-5.6.3.jar (209 kB at 329 kB/s)
Downloading from aiban-tianyin-core: https://aiban-maven.pkg.coding.net/repository/tianyin/core/commons-logging/commons-logging/1.1.1/commons-logging-1.1.1.jar
Downloaded from aiban-tianyin-core: https://aiban-maven.pkg.coding.net/repository/tianyin/core/com/fasterxml/jackson/core/jackson-databind/2.11.4/jackson-databind-2.11.4.jar (0 B at 0 B/s)
Downloaded from aiban-tianyin-core: https://aiban-maven.pkg.coding.net/repository/tianyin/core/org/junit/jupiter/junit-jupiter-params/5.6.3/junit-jupiter-params-5.6.3.jar (562 kB at 786 kB/s)
Downloaded from aiban-tianyin-core: https://aiban-maven.pkg.coding.net/repository/tianyin/core/javax/activation/activation/1.1/activation-1.1.jar (0 B at 0 B/s)
Downloaded from aiban-tianyin-core: https://aiban-maven.pkg.coding.net/repository/tianyin/core/com/fasterxml/jackson/core/jackson-core/2.11.4/jackson-core-2.11.4.jar (0 B at 0 B/s)
Downloaded from aiban-tianyin-core: https://aiban-maven.pkg.coding.net/repository/tianyin/core/commons-logging/commons-logging/1.1.1/commons-logging-1.1.1.jar (0 B at 0 B/s)
[[1;34mINFO[m] 
[[1;34mINFO[m] [1m--- [0;32mmaven-clean-plugin:3.1.0:clean[m [1m(default-clean)[m @ [36mdingtalk-spring-boot-starter[0;1m ---[m
[[1;34mINFO[m] Deleting /Users/wandl/workspaces/workspace-ddd4j/workspace-ddd4j-boot-starters/dingtalk-spring-boot-starter/target
[[1;34mINFO[m] 
[[1;34mINFO[m] [1m--- [0;32mmaven-enforcer-plugin:3.0.0-M3:enforce[m [1m(default-cli)[m @ [36mdingtalk-spring-boot-starter[0;1m ---[m
[[1;34mINFO[m] 
[[1;34mINFO[m] [1m--- [0;32mmaven-resources-plugin:3.1.0:resources[m [1m(default-resources)[m @ [36mdingtalk-spring-boot-starter[0;1m ---[m
[[1;34mINFO[m] Using 'UTF-8' encoding to copy filtered resources.
[[1;34mINFO[m] Copying 0 resource
[[1;34mINFO[m] Copying 2 resources
[[1;34mINFO[m] 
[[1;34mINFO[m] [1m--- [0;32mmaven-compiler-plugin:3.8.1:compile[m [1m(default-compile)[m @ [36mdingtalk-spring-boot-starter[0;1m ---[m
[[1;34mINFO[m] Changes detected - recompiling the module!
[[1;34mINFO[m] Compiling 35 source files to /Users/wandl/workspaces/workspace-ddd4j/workspace-ddd4j-boot-starters/dingtalk-spring-boot-starter/target/classes
[[1;34mINFO[m] [1m------------------------------------------------------------------------[m
[[1;34mINFO[m] [1;31mBUILD FAILURE[m
[[1;34mINFO[m] [1m------------------------------------------------------------------------[m
[[1;34mINFO[m] Total time:  4.937 s
[[1;34mINFO[m] Finished at: 2026-03-16T13:55:36+08:00
[[1;34mINFO[m] [1m------------------------------------------------------------------------[m
[[1;31mERROR[m] Failed to execute goal [32morg.apache.maven.plugins:maven-compiler-plugin:3.8.1:compile[m [1m(default-compile)[m on project [36mdingtalk-spring-boot-starter[m: [1;31mFatal error compiling[m: java.lang.NoSuchFieldError: Class com.sun.tools.javac.tree.JCTree$JCImport does not have member field 'com.sun.tools.javac.tree.JCTree qualid' -> [1m[Help 1][m
[[1;31mERROR[m] 
[[1;31mERROR[m] To see the full stack trace of the errors, re-run Maven with the [1m-e[m switch.
[[1;31mERROR[m] Re-run Maven using the [1m-X[m switch to enable full debug logging.
[[1;31mERROR[m] 
[[1;31mERROR[m] For more information about the errors and possible solutions, please read the following articles:
[[1;31mERROR[m] [1m[Help 1][m http://cwiki.apache.org/confluence/display/MAVEN/MojoExecutionException
[dingtalk-spring-boot-starter/2.3.x] 失败 - 查看日志
[[1;34mINFO[m] Scanning for projects...
[[1;34mINFO[m] 
[[1;34mINFO[m] [1m-----------< [0;36mio.github.hiwepy:dingtalk-spring-boot-starter[0;1m >-----------[m
[[1;34mINFO[m] [1mBuilding io.github.hiwepy:dingtalk-spring-boot-starter 2.7.x.20241004.RELEASE[m
[[1;34mINFO[m] [1m--------------------------------[ jar ]---------------------------------[m
[[1;34mINFO[m] 
[[1;34mINFO[m] [1m--- [0;32mmaven-clean-plugin:3.2.0:clean[m [1m(default-clean)[m @ [36mdingtalk-spring-boot-starter[0;1m ---[m
[[1;34mINFO[m] Deleting /Users/wandl/workspaces/workspace-ddd4j/workspace-ddd4j-boot-starters/dingtalk-spring-boot-starter/target
[[1;34mINFO[m] 
[[1;34mINFO[m] [1m--- [0;32mmaven-enforcer-plugin:3.0.0:enforce[m [1m(default-cli)[m @ [36mdingtalk-spring-boot-starter[0;1m ---[m
[[1;34mINFO[m] 
[[1;34mINFO[m] [1m--- [0;32mmaven-resources-plugin:3.1.0:resources[m [1m(default-resources)[m @ [36mdingtalk-spring-boot-starter[0;1m ---[m
[[1;34mINFO[m] Using 'UTF-8' encoding to copy filtered resources.
[[1;34mINFO[m] Copying 0 resource
[[1;34mINFO[m] Copying 3 resources
[[1;34mINFO[m] 
[[1;34mINFO[m] [1m--- [0;32mmaven-compiler-plugin:3.10.1:compile[m [1m(default-compile)[m @ [36mdingtalk-spring-boot-starter[0;1m ---[m
[[1;34mINFO[m] Changes detected - recompiling the module!
[[1;34mINFO[m] Compiling 35 source files to /Users/wandl/workspaces/workspace-ddd4j/workspace-ddd4j-boot-starters/dingtalk-spring-boot-starter/target/classes
[[1;34mINFO[m] [1m------------------------------------------------------------------------[m
[[1;34mINFO[m] [1;31mBUILD FAILURE[m
[[1;34mINFO[m] [1m------------------------------------------------------------------------[m
[[1;34mINFO[m] Total time:  1.001 s
[[1;34mINFO[m] Finished at: 2026-03-16T13:55:37+08:00
[[1;34mINFO[m] [1m------------------------------------------------------------------------[m
[[1;31mERROR[m] Failed to execute goal [32morg.apache.maven.plugins:maven-compiler-plugin:3.10.1:compile[m [1m(default-compile)[m on project [36mdingtalk-spring-boot-starter[m: [1;31mFatal error compiling[m: java.lang.NoSuchFieldError: Class com.sun.tools.javac.tree.JCTree$JCImport does not have member field 'com.sun.tools.javac.tree.JCTree qualid' -> [1m[Help 1][m
[[1;31mERROR[m] 
[[1;31mERROR[m] To see the full stack trace of the errors, re-run Maven with the [1m-e[m switch.
[[1;31mERROR[m] Re-run Maven using the [1m-X[m switch to enable full debug logging.
[[1;31mERROR[m] 
[[1;31mERROR[m] For more information about the errors and possible solutions, please read the following articles:
[[1;31mERROR[m] [1m[Help 1][m http://cwiki.apache.org/confluence/display/MAVEN/MojoExecutionException
[dingtalk-spring-boot-starter/2.7.x] 失败 - 查看日志
[[1;34mINFO[m] Scanning for projects...
[[1;34mINFO[m] 
[[1;34mINFO[m] [1m-----------< [0;36mio.github.hiwepy:dingtalk-spring-boot-starter[0;1m >-----------[m
[[1;34mINFO[m] [1mBuilding io.github.hiwepy:dingtalk-spring-boot-starter 3.0.x.20251227-SNAPSHOT[m
[[1;34mINFO[m] [1m--------------------------------[ jar ]---------------------------------[m
[[1;34mINFO[m] 
[[1;34mINFO[m] [1m--- [0;32mmaven-clean-plugin:3.4.0:clean[m [1m(default-clean)[m @ [36mdingtalk-spring-boot-starter[0;1m ---[m
[[1;34mINFO[m] Deleting /Users/wandl/workspaces/workspace-ddd4j/workspace-ddd4j-boot-starters/dingtalk-spring-boot-starter/target
[[1;34mINFO[m] 
[[1;34mINFO[m] [1m--- [0;32mmaven-enforcer-plugin:3.5.0:enforce[m [1m(default-cli)[m @ [36mdingtalk-spring-boot-starter[0;1m ---[m
[[1;34mINFO[m] Rule 1: org.apache.maven.enforcer.rules.version.RequireJavaVersion passed
[[1;34mINFO[m] [1m------------------------------------------------------------------------[m
[[1;34mINFO[m] [1;31mBUILD FAILURE[m
[[1;34mINFO[m] [1m------------------------------------------------------------------------[m
[[1;34mINFO[m] Total time:  0.338 s
[[1;34mINFO[m] Finished at: 2026-03-16T13:55:38+08:00
[[1;34mINFO[m] [1m------------------------------------------------------------------------[m
[[1;31mERROR[m] Failed to execute goal [32morg.apache.maven.plugins:maven-enforcer-plugin:3.5.0:enforce[m [1m(default-cli)[m on project [36mdingtalk-spring-boot-starter[m: [1;31m[m
[[1;31mERROR[m] [1;31mRule 0: org.apache.maven.enforcer.rules.version.RequireMavenVersion failed with message:[m
[[1;31mERROR[m] [1;31mYou are running an older version of Maven. This application requires at least Maven 3.9.9.[m
[[1;31mERROR[m] -> [1m[Help 1][m
[[1;31mERROR[m] 
[[1;31mERROR[m] To see the full stack trace of the errors, re-run Maven with the [1m-e[m switch.
[[1;31mERROR[m] Re-run Maven using the [1m-X[m switch to enable full debug logging.
[[1;31mERROR[m] 
[[1;31mERROR[m] For more information about the errors and possible solutions, please read the following articles:
[[1;31mERROR[m] [1m[Help 1][m http://cwiki.apache.org/confluence/display/MAVEN/MojoExecutionException
[dingtalk-spring-boot-starter/3.0.x] 失败 - 查看日志
[[1;34mINFO[m] Scanning for projects...
[[1;34mINFO[m] 
[[1;34mINFO[m] [1m-----------< [0;36mio.github.hiwepy:dingtalk-spring-boot-starter[0;1m >-----------[m
[[1;34mINFO[m] [1mBuilding io.github.hiwepy:dingtalk-spring-boot-starter 3.1.x.20251227-SNAPSHOT[m
[[1;34mINFO[m] [1m--------------------------------[ jar ]---------------------------------[m
[[1;34mINFO[m] 
[[1;34mINFO[m] [1m--- [0;32mmaven-clean-plugin:3.4.0:clean[m [1m(default-clean)[m @ [36mdingtalk-spring-boot-starter[0;1m ---[m
[[1;34mINFO[m] 
[[1;34mINFO[m] [1m--- [0;32mmaven-enforcer-plugin:3.5.0:enforce[m [1m(default-cli)[m @ [36mdingtalk-spring-boot-starter[0;1m ---[m
[[1;34mINFO[m] Rule 1: org.apache.maven.enforcer.rules.version.RequireJavaVersion passed
[[1;34mINFO[m] [1m------------------------------------------------------------------------[m
[[1;34mINFO[m] [1;31mBUILD FAILURE[m
[[1;34mINFO[m] [1m------------------------------------------------------------------------[m
[[1;34mINFO[m] Total time:  0.298 s
[[1;34mINFO[m] Finished at: 2026-03-16T13:55:39+08:00
[[1;34mINFO[m] [1m------------------------------------------------------------------------[m
[[1;31mERROR[m] Failed to execute goal [32morg.apache.maven.plugins:maven-enforcer-plugin:3.5.0:enforce[m [1m(default-cli)[m on project [36mdingtalk-spring-boot-starter[m: [1;31m[m
[[1;31mERROR[m] [1;31mRule 0: org.apache.maven.enforcer.rules.version.RequireMavenVersion failed with message:[m
[[1;31mERROR[m] [1;31mYou are running an older version of Maven. This application requires at least Maven 3.9.9.[m
[[1;31mERROR[m] -> [1m[Help 1][m
[[1;31mERROR[m] 
[[1;31mERROR[m] To see the full stack trace of the errors, re-run Maven with the [1m-e[m switch.
[[1;31mERROR[m] Re-run Maven using the [1m-X[m switch to enable full debug logging.
[[1;31mERROR[m] 
[[1;31mERROR[m] For more information about the errors and possible solutions, please read the following articles:
[[1;31mERROR[m] [1m[Help 1][m http://cwiki.apache.org/confluence/display/MAVEN/MojoExecutionException
[dingtalk-spring-boot-starter/3.1.x] 失败 - 查看日志
[[1;34mINFO[m] Scanning for projects...
[[1;34mINFO[m] 
[[1;34mINFO[m] [1m-----------< [0;36mio.github.hiwepy:dingtalk-spring-boot-starter[0;1m >-----------[m
[[1;34mINFO[m] [1mBuilding io.github.hiwepy:dingtalk-spring-boot-starter 3.2.x.20251227-SNAPSHOT[m
[[1;34mINFO[m] [1m--------------------------------[ jar ]---------------------------------[m
[[1;34mINFO[m] 
[[1;34mINFO[m] [1m--- [0;32mmaven-clean-plugin:3.4.0:clean[m [1m(default-clean)[m @ [36mdingtalk-spring-boot-starter[0;1m ---[m
[[1;34mINFO[m] 
[[1;34mINFO[m] [1m--- [0;32mmaven-enforcer-plugin:3.5.0:enforce[m [1m(default-cli)[m @ [36mdingtalk-spring-boot-starter[0;1m ---[m
[[1;34mINFO[m] Rule 1: org.apache.maven.enforcer.rules.version.RequireJavaVersion passed
[[1;34mINFO[m] [1m------------------------------------------------------------------------[m
[[1;34mINFO[m] [1;31mBUILD FAILURE[m
[[1;34mINFO[m] [1m------------------------------------------------------------------------[m
[[1;34mINFO[m] Total time:  0.308 s
[[1;34mINFO[m] Finished at: 2026-03-16T13:55:40+08:00
[[1;34mINFO[m] [1m------------------------------------------------------------------------[m
[[1;31mERROR[m] Failed to execute goal [32morg.apache.maven.plugins:maven-enforcer-plugin:3.5.0:enforce[m [1m(default-cli)[m on project [36mdingtalk-spring-boot-starter[m: [1;31m[m
[[1;31mERROR[m] [1;31mRule 0: org.apache.maven.enforcer.rules.version.RequireMavenVersion failed with message:[m
[[1;31mERROR[m] [1;31mYou are running an older version of Maven. This application requires at least Maven 3.9.9.[m
[[1;31mERROR[m] -> [1m[Help 1][m
[[1;31mERROR[m] 
[[1;31mERROR[m] To see the full stack trace of the errors, re-run Maven with the [1m-e[m switch.
[[1;31mERROR[m] Re-run Maven using the [1m-X[m switch to enable full debug logging.
[[1;31mERROR[m] 
[[1;31mERROR[m] For more information about the errors and possible solutions, please read the following articles:
[[1;31mERROR[m] [1m[Help 1][m http://cwiki.apache.org/confluence/display/MAVEN/MojoExecutionException
[dingtalk-spring-boot-starter/3.2.x] 失败 - 查看日志
[[1;34mINFO[m] Scanning for projects...
[[1;34mINFO[m] 
[[1;34mINFO[m] [1m-----------< [0;36mio.github.hiwepy:dingtalk-spring-boot-starter[0;1m >-----------[m
[[1;34mINFO[m] [1mBuilding io.github.hiwepy:dingtalk-spring-boot-starter 3.3.x.20251227-SNAPSHOT[m
[[1;34mINFO[m] [1m--------------------------------[ jar ]---------------------------------[m
[[1;34mINFO[m] 
[[1;34mINFO[m] [1m--- [0;32mmaven-clean-plugin:3.4.0:clean[m [1m(default-clean)[m @ [36mdingtalk-spring-boot-starter[0;1m ---[m
[[1;34mINFO[m] 
[[1;34mINFO[m] [1m--- [0;32mmaven-enforcer-plugin:3.5.0:enforce[m [1m(default-cli)[m @ [36mdingtalk-spring-boot-starter[0;1m ---[m
[[1;34mINFO[m] Rule 1: org.apache.maven.enforcer.rules.version.RequireJavaVersion passed
[[1;34mINFO[m] [1m------------------------------------------------------------------------[m
[[1;34mINFO[m] [1;31mBUILD FAILURE[m
[[1;34mINFO[m] [1m------------------------------------------------------------------------[m
[[1;34mINFO[m] Total time:  0.353 s
[[1;34mINFO[m] Finished at: 2026-03-16T13:55:40+08:00
[[1;34mINFO[m] [1m------------------------------------------------------------------------[m
[[1;31mERROR[m] Failed to execute goal [32morg.apache.maven.plugins:maven-enforcer-plugin:3.5.0:enforce[m [1m(default-cli)[m on project [36mdingtalk-spring-boot-starter[m: [1;31m[m
[[1;31mERROR[m] [1;31mRule 0: org.apache.maven.enforcer.rules.version.RequireMavenVersion failed with message:[m
[[1;31mERROR[m] [1;31mYou are running an older version of Maven. This application requires at least Maven 3.9.9.[m
[[1;31mERROR[m] -> [1m[Help 1][m
[[1;31mERROR[m] 
[[1;31mERROR[m] To see the full stack trace of the errors, re-run Maven with the [1m-e[m switch.
[[1;31mERROR[m] Re-run Maven using the [1m-X[m switch to enable full debug logging.
[[1;31mERROR[m] 
[[1;31mERROR[m] For more information about the errors and possible solutions, please read the following articles:
[[1;31mERROR[m] [1m[Help 1][m http://cwiki.apache.org/confluence/display/MAVEN/MojoExecutionException
[dingtalk-spring-boot-starter/3.3.x] 失败 - 查看日志
[[1;34mINFO[m] Scanning for projects...
[[1;34mINFO[m] 
[[1;34mINFO[m] [1m-----------< [0;36mio.github.hiwepy:dingtalk-spring-boot-starter[0;1m >-----------[m
[[1;34mINFO[m] [1mBuilding io.github.hiwepy:dingtalk-spring-boot-starter 3.4.x.20251227-SNAPSHOT[m
[[1;34mINFO[m] [1m--------------------------------[ jar ]---------------------------------[m
[[1;34mINFO[m] 
[[1;34mINFO[m] [1m--- [0;32mmaven-clean-plugin:3.4.0:clean[m [1m(default-clean)[m @ [36mdingtalk-spring-boot-starter[0;1m ---[m
[[1;34mINFO[m] 
[[1;34mINFO[m] [1m--- [0;32mmaven-enforcer-plugin:3.5.0:enforce[m [1m(default-cli)[m @ [36mdingtalk-spring-boot-starter[0;1m ---[m
[[1;34mINFO[m] Rule 1: org.apache.maven.enforcer.rules.version.RequireJavaVersion passed
[[1;34mINFO[m] [1m------------------------------------------------------------------------[m
[[1;34mINFO[m] [1;31mBUILD FAILURE[m
[[1;34mINFO[m] [1m------------------------------------------------------------------------[m
[[1;34mINFO[m] Total time:  0.386 s
[[1;34mINFO[m] Finished at: 2026-03-16T13:55:41+08:00
[[1;34mINFO[m] [1m------------------------------------------------------------------------[m
[[1;31mERROR[m] Failed to execute goal [32morg.apache.maven.plugins:maven-enforcer-plugin:3.5.0:enforce[m [1m(default-cli)[m on project [36mdingtalk-spring-boot-starter[m: [1;31m[m
[[1;31mERROR[m] [1;31mRule 0: org.apache.maven.enforcer.rules.version.RequireMavenVersion failed with message:[m
[[1;31mERROR[m] [1;31mYou are running an older version of Maven. This application requires at least Maven 3.9.9.[m
[[1;31mERROR[m] -> [1m[Help 1][m
[[1;31mERROR[m] 
[[1;31mERROR[m] To see the full stack trace of the errors, re-run Maven with the [1m-e[m switch.
[[1;31mERROR[m] Re-run Maven using the [1m-X[m switch to enable full debug logging.
[[1;31mERROR[m] 
[[1;31mERROR[m] For more information about the errors and possible solutions, please read the following articles:
[[1;31mERROR[m] [1m[Help 1][m http://cwiki.apache.org/confluence/display/MAVEN/MojoExecutionException
[dingtalk-spring-boot-starter/3.4.x] 失败 - 查看日志
[[1;34mINFO[m] Scanning for projects...
[[1;34mINFO[m] 
[[1;34mINFO[m] [1m-----------< [0;36mio.github.hiwepy:dingtalk-spring-boot-starter[0;1m >-----------[m
[[1;34mINFO[m] [1mBuilding io.github.hiwepy:dingtalk-spring-boot-starter 3.5.x.20251227-SNAPSHOT[m
[[1;34mINFO[m] [1m--------------------------------[ jar ]---------------------------------[m
[[1;34mINFO[m] 
[[1;34mINFO[m] [1m--- [0;32mmaven-clean-plugin:3.4.0:clean[m [1m(default-clean)[m @ [36mdingtalk-spring-boot-starter[0;1m ---[m
[[1;34mINFO[m] 
[[1;34mINFO[m] [1m--- [0;32mmaven-enforcer-plugin:3.5.0:enforce[m [1m(default-cli)[m @ [36mdingtalk-spring-boot-starter[0;1m ---[m
[[1;34mINFO[m] Rule 1: org.apache.maven.enforcer.rules.version.RequireJavaVersion passed
[[1;34mINFO[m] [1m------------------------------------------------------------------------[m
[[1;34mINFO[m] [1;31mBUILD FAILURE[m
[[1;34mINFO[m] [1m------------------------------------------------------------------------[m
[[1;34mINFO[m] Total time:  0.528 s
[[1;34mINFO[m] Finished at: 2026-03-16T13:55:43+08:00
[[1;34mINFO[m] [1m------------------------------------------------------------------------[m
[[1;31mERROR[m] Failed to execute goal [32morg.apache.maven.plugins:maven-enforcer-plugin:3.5.0:enforce[m [1m(default-cli)[m on project [36mdingtalk-spring-boot-starter[m: [1;31m[m
[[1;31mERROR[m] [1;31mRule 0: org.apache.maven.enforcer.rules.version.RequireMavenVersion failed with message:[m
[[1;31mERROR[m] [1;31mYou are running an older version of Maven. This application requires at least Maven 3.9.9.[m
[[1;31mERROR[m] -> [1m[Help 1][m
[[1;31mERROR[m] 
[[1;31mERROR[m] To see the full stack trace of the errors, re-run Maven with the [1m-e[m switch.
[[1;31mERROR[m] Re-run Maven using the [1m-X[m switch to enable full debug logging.
[[1;31mERROR[m] 
[[1;31mERROR[m] For more information about the errors and possible solutions, please read the following articles:
[[1;31mERROR[m] [1m[Help 1][m http://cwiki.apache.org/confluence/display/MAVEN/MojoExecutionException
[dingtalk-spring-boot-starter/3.5.x] 失败 - 查看日志
[[1;34mINFO[m] Scanning for projects...
[[1;34mINFO[m] 
[[1;34mINFO[m] [1m-----------< [0;36mio.github.hiwepy:dingtalk-spring-boot-starter[0;1m >-----------[m
[[1;34mINFO[m] [1mBuilding io.github.hiwepy:dingtalk-spring-boot-starter 4.0.x.20251227-SNAPSHOT[m
[[1;34mINFO[m] [1m--------------------------------[ jar ]---------------------------------[m
[[1;34mINFO[m] 
[[1;34mINFO[m] [1m--- [0;32mmaven-clean-plugin:3.4.0:clean[m [1m(default-clean)[m @ [36mdingtalk-spring-boot-starter[0;1m ---[m
[[1;34mINFO[m] 
[[1;34mINFO[m] [1m--- [0;32mmaven-enforcer-plugin:3.5.0:enforce[m [1m(default-cli)[m @ [36mdingtalk-spring-boot-starter[0;1m ---[m
[[1;34mINFO[m] Rule 1: org.apache.maven.enforcer.rules.version.RequireJavaVersion passed
[[1;34mINFO[m] [1m------------------------------------------------------------------------[m
[[1;34mINFO[m] [1;31mBUILD FAILURE[m
[[1;34mINFO[m] [1m------------------------------------------------------------------------[m
[[1;34mINFO[m] Total time:  0.299 s
[[1;34mINFO[m] Finished at: 2026-03-16T13:55:44+08:00
[[1;34mINFO[m] [1m------------------------------------------------------------------------[m
[[1;31mERROR[m] Failed to execute goal [32morg.apache.maven.plugins:maven-enforcer-plugin:3.5.0:enforce[m [1m(default-cli)[m on project [36mdingtalk-spring-boot-starter[m: [1;31m[m
[[1;31mERROR[m] [1;31mRule 0: org.apache.maven.enforcer.rules.version.RequireMavenVersion failed with message:[m
[[1;31mERROR[m] [1;31mYou are running an older version of Maven. This application requires at least Maven 3.9.9.[m
[[1;31mERROR[m] -> [1m[Help 1][m
[[1;31mERROR[m] 
[[1;31mERROR[m] To see the full stack trace of the errors, re-run Maven with the [1m-e[m switch.
[[1;31mERROR[m] Re-run Maven using the [1m-X[m switch to enable full debug logging.
[[1;31mERROR[m] 
[[1;31mERROR[m] For more information about the errors and possible solutions, please read the following articles:
[[1;31mERROR[m] [1m[Help 1][m http://cwiki.apache.org/confluence/display/MAVEN/MojoExecutionException
[dingtalk-spring-boot-starter/4.0.x] 失败 - 查看日志
[[1;34mINFO[m] Scanning for projects...
[[1;34mINFO[m] 
[[1;34mINFO[m] [1m-----------< [0;36mio.github.hiwepy:dingtalk-spring-boot-starter[0;1m >-----------[m
[[1;34mINFO[m] [1mBuilding io.github.hiwepy:dingtalk-spring-boot-starter 2.0.2-SNAPSHOT[m
[[1;34mINFO[m] [1m--------------------------------[ jar ]---------------------------------[m
[[1;34mINFO[m] 
[[1;34mINFO[m] [1m--- [0;32mmaven-clean-plugin:3.1.0:clean[m [1m(default-clean)[m @ [36mdingtalk-spring-boot-starter[0;1m ---[m
[[1;34mINFO[m] 
[[1;34mINFO[m] [1m--- [0;32mmaven-enforcer-plugin:3.0.0:enforce[m [1m(default-cli)[m @ [36mdingtalk-spring-boot-starter[0;1m ---[m
[[1;34mINFO[m] 
[[1;34mINFO[m] [1m--- [0;32mmaven-resources-plugin:3.1.0:resources[m [1m(default-resources)[m @ [36mdingtalk-spring-boot-starter[0;1m ---[m
[[1;34mINFO[m] Using 'UTF-8' encoding to copy filtered resources.
[[1;34mINFO[m] Copying 0 resource
[[1;34mINFO[m] Copying 2 resources
[[1;34mINFO[m] 
[[1;34mINFO[m] [1m--- [0;32mmaven-compiler-plugin:3.8.1:compile[m [1m(default-compile)[m @ [36mdingtalk-spring-boot-starter[0;1m ---[m
[[1;34mINFO[m] Changes detected - recompiling the module!
[[1;34mINFO[m] Compiling 35 source files to /Users/wandl/workspaces/workspace-ddd4j/workspace-ddd4j-boot-starters/dingtalk-spring-boot-starter/target/classes
[[1;34mINFO[m] [1m------------------------------------------------------------------------[m
[[1;34mINFO[m] [1;31mBUILD FAILURE[m
[[1;34mINFO[m] [1m------------------------------------------------------------------------[m
[[1;34mINFO[m] Total time:  0.798 s
[[1;34mINFO[m] Finished at: 2026-03-16T13:55:45+08:00
[[1;34mINFO[m] [1m------------------------------------------------------------------------[m
[[1;31mERROR[m] Failed to execute goal [32morg.apache.maven.plugins:maven-compiler-plugin:3.8.1:compile[m [1m(default-compile)[m on project [36mdingtalk-spring-boot-starter[m: [1;31mFatal error compiling[m: java.lang.NoSuchFieldError: Class com.sun.tools.javac.tree.JCTree$JCImport does not have member field 'com.sun.tools.javac.tree.JCTree qualid' -> [1m[Help 1][m
[[1;31mERROR[m] 
[[1;31mERROR[m] To see the full stack trace of the errors, re-run Maven with the [1m-e[m switch.
[[1;31mERROR[m] Re-run Maven using the [1m-X[m switch to enable full debug logging.
[[1;31mERROR[m] 
[[1;31mERROR[m] For more information about the errors and possible solutions, please read the following articles:
[[1;31mERROR[m] [1m[Help 1][m http://cwiki.apache.org/confluence/display/MAVEN/MojoExecutionException
[dingtalk-spring-boot-starter/master] 失败 - 查看日志
